

Working Directory = /home/sgeuser114/Desktop/venkat/singleCycleProcessor/wallaceTreeBlock/work
QoS Summary for pp_tree16x64
==========================================================================================
Metric                          generic         map             syn_opt         final          
==========================================================================================
Slack (ps):                       135             173             173             173
  R2R (ps):                  no_value        no_value        no_value        no_value
  I2R (ps):                  no_value        no_value        no_value        no_value
  R2O (ps):                  no_value        no_value        no_value        no_value
  I2O (ps):                       135             173             173             173
  CG  (ps):                  no_value        no_value        no_value        no_value
TNS (ps):                           0               0               0               0
  R2R (ps):                  no_value        no_value        no_value        no_value
  I2R (ps):                  no_value        no_value        no_value        no_value
  R2O (ps):                  no_value        no_value        no_value        no_value
  I2O (ps):                         0               0               0               0
  CG  (ps):                  no_value        no_value        no_value        no_value
Failing Paths:                      0               0               0               0
Cell Area:                     23,538           4,569           4,569           4,569
Total Cell Area:               23,538           4,569           4,569           4,569
Leaf Instances:                 8,818             920             920             920
Total Instances:                8,818             920             920             920
Utilization (%):                 0.00            0.00            0.00            0.00
Tot. Net Length (um):        no_value        no_value        no_value        no_value
Avg. Net Length (um):        no_value        no_value        no_value        no_value
Route Overflow H (%):        no_value        no_value        no_value        no_value
Route Overflow V (%):        no_value        no_value        no_value        no_value
MBCI(%) (bits/gate) :            0.00            0.00            0.00            0.00
Norm Cong Hotspot Area:
  Max Cong:                  no_value        no_value        no_value        no_value
  Tot Cong:                  no_value        no_value        no_value        no_value
==========================================================================================
CPU  Runtime (h:m:s):        00:00:46        00:00:42        00:00:01        00:00:00
Real Runtime (h:m:s):        00:01:25        00:00:24        00:00:03        00:00:02
CPU  Elapsed (h:m:s):        00:00:55        00:01:37        00:01:38        00:01:38
Real Elapsed (h:m:s):        00:01:27        00:01:51        00:01:54        00:01:56
Memory (MB):                   950.43          921.82          918.82          918.82
==========================================================================================
==========================================================================================
Flow Settings:
==========================================================================================
Total Runtime (h:m:s): 00:01:55
Total Memory (MB):     918.82
Executable Version:    17.22-s017_1
==========================================================================================
Total Cell Area =  Cell Area + Physical Cell Area
Total Instances =  Leaf Instances + Physical Instances


