

Working Directory = /home/sgeuser114/Desktop/venkat/singleCycleProcessor/PPGen/work
QoS Summary for booth_radix4_multiplier
==========================================================================================
Metric                          generic         map             syn_opt         final          
==========================================================================================
Slack (ps):                       294             121             128             128
  R2R (ps):                  no_value        no_value        no_value        no_value
  I2R (ps):                  no_value        no_value        no_value        no_value
  R2O (ps):                  no_value        no_value        no_value        no_value
  I2O (ps):                       294             121             128             128
  CG  (ps):                  no_value        no_value        no_value        no_value
TNS (ps):                           0               0               0               0
  R2R (ps):                  no_value        no_value        no_value        no_value
  I2R (ps):                  no_value        no_value        no_value        no_value
  R2O (ps):                  no_value        no_value        no_value        no_value
  I2O (ps):                         0               0               0               0
  CG  (ps):                  no_value        no_value        no_value        no_value
Failing Paths:                      0               0               0               0
Cell Area:                     19,497           5,728           5,262           5,262
Total Cell Area:               19,497           5,728           5,262           5,262
Leaf Instances:                 7,312           3,646           2,828           2,828
Total Instances:                7,312           3,646           2,828           2,828
Utilization (%):                 0.00            0.00            0.00            0.00
Tot. Net Length (um):        no_value        no_value        no_value        no_value
Avg. Net Length (um):        no_value        no_value        no_value        no_value
Route Overflow H (%):        no_value        no_value        no_value        no_value
Route Overflow V (%):        no_value        no_value        no_value        no_value
MBCI(%) (bits/gate) :            0.00            0.00            0.00            0.00
Norm Cong Hotspot Area:
  Max Cong:                  no_value        no_value        no_value        no_value
  Tot Cong:                  no_value        no_value        no_value        no_value
==========================================================================================
CPU  Runtime (h:m:s):        00:01:13        00:01:18        00:00:08        00:00:01
Real Runtime (h:m:s):        00:01:26        00:01:00        00:00:11        00:00:02
CPU  Elapsed (h:m:s):        00:01:23        00:02:41        00:02:49        00:02:50
Real Elapsed (h:m:s):        00:01:28        00:02:28        00:02:39        00:02:41
Memory (MB):                   764.56          766.38          763.38          763.38
==========================================================================================
==========================================================================================
Flow Settings:
==========================================================================================
Total Runtime (h:m:s): 00:02:41
Total Memory (MB):     763.38
Executable Version:    17.22-s017_1
==========================================================================================
Total Cell Area =  Cell Area + Physical Cell Area
Total Instances =  Leaf Instances + Physical Instances


