

Working Directory = /home/sgeuser114/Desktop/venkat/singleCycleProcessor/wallaceTreeBlock/work
QoS Summary for pp_tree16x64
==========================================================================================
Metric                          generic         map             syn_opt         final          
==========================================================================================
Slack (ps):                    -3,023            -952            -265            -265
  R2R (ps):                  no_value        no_value        no_value        no_value
  I2R (ps):                  no_value        no_value        no_value        no_value
  R2O (ps):                  no_value        no_value        no_value        no_value
  I2O (ps):                    -3,023            -952            -265            -265
  CG  (ps):                  no_value        no_value        no_value        no_value
TNS (ps):                     186,439          72,617          21,697          21,697
  R2R (ps):                  no_value        no_value        no_value        no_value
  I2R (ps):                  no_value        no_value        no_value        no_value
  R2O (ps):                  no_value        no_value        no_value        no_value
  I2O (ps):                   186,439          72,617          21,697          21,697
  CG  (ps):                  no_value        no_value        no_value        no_value
Failing Paths:                    118             114             105             105
Cell Area:                     29,928           9,632          15,474          15,474
Total Cell Area:               29,928           9,632          15,474          15,474
Leaf Instances:                11,212           4,563           9,515           9,515
Total Instances:               11,212           4,563           9,515           9,515
Utilization (%):                 0.00            0.00            0.00            0.00
Tot. Net Length (um):        no_value        no_value        no_value        no_value
Avg. Net Length (um):        no_value        no_value        no_value        no_value
Route Overflow H (%):        no_value        no_value        no_value        no_value
Route Overflow V (%):        no_value        no_value        no_value        no_value
MBCI(%) (bits/gate) :            0.00            0.00            0.00            0.00
Norm Cong Hotspot Area:
  Max Cong:                  no_value        no_value        no_value        no_value
  Tot Cong:                  no_value        no_value        no_value        no_value
==========================================================================================
CPU  Runtime (h:m:s):        00:01:50        00:04:32        00:16:18        00:00:01
Real Runtime (h:m:s):        00:02:11        00:04:31        00:18:01        00:00:06
CPU  Elapsed (h:m:s):        00:01:58        00:06:30        00:22:48        00:22:49
Real Elapsed (h:m:s):        00:02:13        00:06:44        00:24:45        00:24:51
Memory (MB):                   759.45          822.60          819.60          819.60
==========================================================================================
==========================================================================================
Flow Settings:
==========================================================================================
Total Runtime (h:m:s): 00:24:54
Total Memory (MB):     819.60
Executable Version:    17.22-s017_1
==========================================================================================
Total Cell Area =  Cell Area + Physical Cell Area
Total Instances =  Leaf Instances + Physical Instances


